
-------------------------------------------------------------------------------
   ROBOCOPY     ::     Robust File Copy for Windows                              
-------------------------------------------------------------------------------

  Started : Friday, May 23, 2025 3:06:59 PM
   Source : C:\Users\golde\Documents\GitHub\_COLLAB\Driver\DriverProject\Weaver\
     Dest : C:\Users\golde\Documents\GitHub\_COLLAB\Driver\DriverProject\bin\Release\netstandard2.1\

    Files : DriverMod.dll.prepatch
	    DriverMod.pdb.prepatch
	    
  Options : /DCOPY:DA /COPY:DAT /R:1000000 /W:30 

------------------------------------------------------------------------------

	                   2	C:\Users\golde\Documents\GitHub\_COLLAB\Driver\DriverProject\Weaver\
	    Newer     		  405504	DriverMod.dll.prepatch100%  
	    Newer     		  133532	DriverMod.pdb.prepatch100%  

------------------------------------------------------------------------------

               Total    Copied   Skipped  Mismatch    FAILED    Extras
    Dirs :         1         0         1         0         0         0
   Files :         2         2         0         0         0         0
   Bytes :   526.4 k   526.4 k         0         0         0         0
   Times :   0:00:00   0:00:00                       0:00:00   0:00:00


   Speed :           269,518,000 Bytes/sec.
   Speed :            15,421.943 MegaBytes/min.
   Ended : Friday, May 23, 2025 3:06:59 PM


-------------------------------------------------------------------------------
   ROBOCOPY     ::     Robust File Copy for Windows                              
-------------------------------------------------------------------------------

  Started : Friday, May 23, 2025 3:06:59 PM
   Source : C:\Users\golde\Documents\GitHub\_COLLAB\Driver\DriverProject\bin\Release\netstandard2.1\
     Dest : C:\Users\golde\Documents\GitHub\_COLLAB\Driver\Release\

    Files : DriverMod.dll
	    DriverMod.pdb
	    
  Options : /DCOPY:DA /COPY:DAT /R:1000000 /W:30 

------------------------------------------------------------------------------

	                   2	C:\Users\golde\Documents\GitHub\_COLLAB\Driver\DriverProject\bin\Release\netstandard2.1\
	    Newer     		  401920	DriverMod.dll100%  
	    Newer     		  133532	DriverMod.pdb100%  

------------------------------------------------------------------------------

               Total    Copied   Skipped  Mismatch    FAILED    Extras
    Dirs :         1         0         1         0         0         0
   Files :         2         2         0         0         0         0
   Bytes :   522.9 k   522.9 k         0         0         0         0
   Times :   0:00:00   0:00:00                       0:00:00   0:00:00


   Speed :           267,726,000 Bytes/sec.
   Speed :            15,319.404 MegaBytes/min.
   Ended : Friday, May 23, 2025 3:06:59 PM

